Starting Database Manager Test...
DEBUG: isOnline =
DEBUG: cloudURI =
[Connection] Internet ONLINE - Forcing CLOUD database
✓ MongoDB Connected: ac-kvltl8b-shard-00-02.m9uzs1f.mongodb.net
✓ Database mode: CLOUD
Initialization complete.
Current Mode:
[Warning] Database disconnected
Database connection closed
Test finished.
